package simple

type (
	//go:structinit
	A struct { // want A:"HasFieldOrder\\[name surname\\]"
		name    string
		surname string
	}

	//go:structinit
	B struct { // want B:"HasFieldOrder\\[name surname\\]"
		name, surname string
	}
)

func newA() A {
	return A{ // want "fields are not initialized in declared order"
		name:    "foo",
		surname: "bar",
	}
}

func newAInlined() A {
	return A{ // want "fields are not initialized in declared order"
		name: "foo", surname: "bar",
	}
}

func newB() B {
	return B{ // want "fields are not initialized in declared order"
	    name:    "foo",
		surname: "bar",
	}
}
